provider health: p50=6.29s p95=11.23s failures=0/10 gate=PASS -> /Users/tofuinparis/Projects/Trellis/benchmarks/v02/results/provider_health-n5.json
=== trial 1 (order B,A) ===
  trial 1 B T1: success=True wall=78.4s in=130657 out=1479 toolops=19 (reuse=0 captured=2 ceremony=0)
  trial 1 B T2: success=False wall=900.0s in=83555 out=941 toolops=22 (reuse=0 captured=2 ceremony=0)
  trial 1 B T3: success=False wall=43.8s in=80034 out=949 toolops=15 (reuse=0 captured=2 ceremony=0)
  trial 1 B T4: success=True wall=139.2s in=107540 out=4906 toolops=51 (reuse=0 captured=2 ceremony=0)
  trial 1 B T5: success=True wall=71.1s in=92974 out=1897 toolops=24 (reuse=1 captured=2 ceremony=0)
  trial 1 A T1: success=True wall=76.4s in=88546 out=1612 toolops=21 (reuse=0 captured=0 ceremony=0)
  trial 1 A T2: success=False wall=900.0s in=71601 out=975 toolops=17 (reuse=0 captured=0 ceremony=0)
  trial 1 A T3: success=False wall=900.0s in=60319 out=1006 toolops=13 (reuse=0 captured=0 ceremony=0)
  trial 1 A T4: success=True wall=70.9s in=144463 out=3172 toolops=33 (reuse=0 captured=0 ceremony=0)
  trial 1 A T5: success=True wall=54.7s in=142443 out=2374 toolops=28 (reuse=0 captured=0 ceremony=0)
=== trial 2 (order A,B) ===
  trial 2 A T1: success=True wall=27.4s in=32720 out=902 toolops=12 (reuse=0 captured=0 ceremony=0)
  trial 2 A T2: success=True wall=74.5s in=77707 out=2410 toolops=22 (reuse=0 captured=0 ceremony=0)
  trial 2 A T3: success=False wall=900.0s in=57629 out=658 toolops=12 (reuse=0 captured=0 ceremony=0)
  trial 2 A T4: success=True wall=117.5s in=92527 out=4027 toolops=39 (reuse=0 captured=0 ceremony=0)
  trial 2 A T5: success=False wall=110.3s in=140874 out=3791 toolops=37 (reuse=0 captured=0 ceremony=0)
  trial 2 B T1: success=True wall=83.6s in=62753 out=1549 toolops=18 (reuse=0 captured=2 ceremony=0)
  trial 2 B T2: success=False wall=52.3s in=67062 out=781 toolops=13 (reuse=0 captured=0 ceremony=0)
  trial 2 B T3: success=True wall=73.5s in=96769 out=3412 toolops=32 (reuse=0 captured=0 ceremony=0)
  trial 2 B T4: success=False wall=1523.1s in=27307 out=126 toolops=5 (reuse=0 captured=2 ceremony=0)
  trial 2 B T5: success=False wall=900.1s in=64147 out=1173 toolops=17 (reuse=2 captured=0 ceremony=0)
=== trial 3 (order B,A) ===
  trial 3 B T1: success=True wall=56.6s in=134533 out=1353 toolops=15 (reuse=0 captured=2 ceremony=0)
  trial 3 B T2: success=False wall=900.0s in=30917 out=671 toolops=14 (reuse=0 captured=2 ceremony=0)
  trial 3 B T3: success=True wall=839.0s in=89721 out=1970 toolops=19 (reuse=1 captured=2 ceremony=0)
  trial 3 B T4: success=True wall=1524.6s in=79268 out=1555 toolops=16 (reuse=0 captured=2 ceremony=0)
  trial 3 B T5: success=True wall=1015.1s in=62199 out=2010 toolops=21 (reuse=1 captured=1 ceremony=0)
  trial 3 A T1: success=True wall=333.9s in=85800 out=1537 toolops=21 (reuse=0 captured=0 ceremony=0)
  trial 3 A T2: success=False wall=1181.0s in=64163 out=913 toolops=18 (reuse=0 captured=0 ceremony=0)
  trial 3 A T3: success=False wall=900.0s in=38231 out=484 toolops=11 (reuse=0 captured=0 ceremony=0)
  trial 3 A T4: success=True wall=108.2s in=221576 out=2783 toolops=32 (reuse=0 captured=0 ceremony=0)
  trial 3 A T5: success=True wall=94.2s in=99904 out=3531 toolops=32 (reuse=0 captured=0 ceremony=0)
=== trial 4 (order A,B) ===
  trial 4 A T1: success=True wall=122.8s in=66230 out=1870 toolops=19 (reuse=0 captured=0 ceremony=0)
  trial 4 A T2: success=False wall=52.2s in=96878 out=929 toolops=18 (reuse=0 captured=0 ceremony=0)
  trial 4 A T3: success=False wall=900.0s in=87942 out=824 toolops=16 (reuse=0 captured=0 ceremony=0)
  trial 4 A T4: success=True wall=179.1s in=109747 out=3127 toolops=31 (reuse=0 captured=0 ceremony=0)
  trial 4 A T5: success=True wall=163.6s in=81355 out=2379 toolops=29 (reuse=0 captured=0 ceremony=0)
  trial 4 B T1: success=True wall=199.2s in=98417 out=1547 toolops=19 (reuse=0 captured=2 ceremony=0)
  trial 4 B T2: success=False wall=900.0s in=38388 out=438 toolops=15 (reuse=0 captured=2 ceremony=0)
  trial 4 B T3: success=True wall=119.9s in=68335 out=2529 toolops=24 (reuse=1 captured=1 ceremony=0)
  trial 4 B T4: success=False wall=900.0s in=80574 out=589 toolops=12 (reuse=0 captured=2 ceremony=0)
  trial 4 B T5: success=False wall=900.0s in=83918 out=1681 toolops=29 (reuse=2 captured=0 ceremony=0)
=== trial 5 (order B,A) ===
  trial 5 B T1: success=True wall=203.4s in=71029 out=1688 toolops=24 (reuse=1 captured=2 ceremony=0)
  trial 5 B T2: success=False wall=900.0s in=87032 out=829 toolops=18 (reuse=0 captured=0 ceremony=0)
  trial 5 B T3: success=False wall=900.0s in=85911 out=824 toolops=13 (reuse=0 captured=0 ceremony=0)
  trial 5 B T4: success=False wall=900.0s in=38162 out=685 toolops=14 (reuse=0 captured=2 ceremony=0)
  trial 5 B T5: success=False wall=900.0s in=87117 out=784 toolops=14 (reuse=2 captured=0 ceremony=0)
  trial 5 A T1: success=True wall=147.7s in=64369 out=1371 toolops=17 (reuse=0 captured=0 ceremony=0)
  trial 5 A T2: success=False wall=900.0s in=85188 out=1758 toolops=30 (reuse=0 captured=0 ceremony=0)
  trial 5 A T3: success=True wall=139.4s in=185041 out=2404 toolops=23 (reuse=0 captured=0 ceremony=0)
  trial 5 A T4: success=True wall=166.7s in=125079 out=3673 toolops=40 (reuse=0 captured=0 ceremony=0)
  trial 5 A T5: success=True wall=321.5s in=149250 out=3756 toolops=37 (reuse=0 captured=0 ceremony=0)
raw rows -> /Users/tofuinparis/Projects/Trellis/benchmarks/v02/results/raw-n5.json
